// Jest Snapshot v1, https://goo.gl/fbAQLP

exports[`Popover[Base] should hover/click to render default 1`] = `"<div class=\\"so-popover-arrow\\"></div><div class=\\"so-popover-content\\"><span class=\\"so-popover-text\\">Some Test Text</span></div>"`;
