// Jest Snapshot v1, https://goo.gl/fbAQLP

exports[`Table[group] should render group header 1`] = `
<div
  className="so-table so-table-default so-table-hover so-table-bordered so-table-vertical-top"
  style={Object {}}
>
  <table
    style={
      Object {
        "width": undefined,
      }
    }
  >
    <colgroup>
      <col
        style={
          Object {
            "width": 50,
          }
        }
      />
      <col
        style={
          Object {
            "width": undefined,
          }
        }
      />
      <col
        style={
          Object {
            "width": undefined,
          }
        }
      />
      <col
        style={
          Object {
            "width": undefined,
          }
        }
      />
      <col
        style={
          Object {
            "width": undefined,
          }
        }
      />
      <col
        style={
          Object {
            "width": undefined,
          }
        }
      />
      <col
        style={
          Object {
            "width": undefined,
          }
        }
      />
    </colgroup>
    <thead>
      <tr>
        <th
          className=""
          rowSpan={3}
        >
          id
        </th>
        <th
          className="so-table-center so-table-condensed"
          colSpan={3}
          style={
            Object {
              "padding": 0,
            }
          }
        >
          <span
            style={
              Object {
                "background": "#ccc",
                "color": "#fff",
                "display": "block",
                "lineHeight": "40px",
              }
            }
          >
            Name
          </span>
        </th>
        <th
          className=""
          rowSpan={3}
        >
          Country
        </th>
        <th
          className="so-table-center so-table-condensed so-table-ignore-right-border"
          colSpan={2}
          style={
            Object {
              "padding": 0,
            }
          }
        >
          <span>
            Other
          </span>
        </th>
      </tr>
      <tr>
        <th
          className="so-table-center so-table-condensed"
          colSpan={2}
        >
          True Name
        </th>
        <th
          className="so-table-condensed"
          rowSpan={2}
        >
          Nick Name
        </th>
        <th
          className="so-table-condensed"
          rowSpan={2}
        >
          Office
        </th>
        <th
          className="so-table-condensed"
          rowSpan={2}
        >
          Position
        </th>
      </tr>
      <tr>
        <th
          className="so-table-condensed"
          rowSpan={1}
        >
          First Name
        </th>
        <th
          className="so-table-condensed"
          rowSpan={1}
        >
          Last Name
        </th>
      </tr>
    </thead>
    <tbody>
      <tr
        className="so-table-normal"
        onClick={[Function]}
      >
        <td
          className=""
          colSpan={1}
          style={Object {}}
        >
          1
        </td>
        <td
          className=""
          colSpan={1}
          style={Object {}}
        />
        <td
          className=""
          colSpan={1}
          style={Object {}}
        />
        <td
          className=""
          colSpan={1}
          style={Object {}}
        >
          nickname
        </td>
        <td
          className=""
          colSpan={1}
          style={Object {}}
        />
        <td
          className=""
          colSpan={1}
          style={Object {}}
        />
        <td
          className="so-table-ignore-right-border"
          colSpan={1}
          style={Object {}}
        />
      </tr>
      <tr
        className="so-table-normal"
        onClick={[Function]}
      >
        <td
          className=""
          colSpan={1}
          style={Object {}}
        >
          2
        </td>
        <td
          className=""
          colSpan={1}
          style={Object {}}
        />
        <td
          className=""
          colSpan={1}
          style={Object {}}
        />
        <td
          className=""
          colSpan={1}
          style={Object {}}
        >
          nickname
        </td>
        <td
          className=""
          colSpan={1}
          style={Object {}}
        />
        <td
          className=""
          colSpan={1}
          style={Object {}}
        />
        <td
          className="so-table-ignore-right-border"
          colSpan={1}
          style={Object {}}
        />
      </tr>
      <tr
        className="so-table-normal"
        onClick={[Function]}
      >
        <td
          className=""
          colSpan={1}
          style={Object {}}
        >
          3
        </td>
        <td
          className=""
          colSpan={1}
          style={Object {}}
        />
        <td
          className=""
          colSpan={1}
          style={Object {}}
        />
        <td
          className=""
          colSpan={1}
          style={Object {}}
        >
          nickname
        </td>
        <td
          className=""
          colSpan={1}
          style={Object {}}
        />
        <td
          className=""
          colSpan={1}
          style={Object {}}
        />
        <td
          className="so-table-ignore-right-border"
          colSpan={1}
          style={Object {}}
        />
      </tr>
    </tbody>
  </table>
</div>
`;
