// Jest Snapshot v1, https://goo.gl/fbAQLP

exports[`Modal should render correctly 1`] = `"<div style=\\"padding-bottom: 10vh;\\" class=\\"so-modal-mask\\"><div class=\\"so-card so-card-shadow so-modal-panel so-modal-default\\" style=\\"position: relative; display: inline-flex; width: 500px; top: 10vh;\\"><a class=\\"so-modal-close\\"><svg viewBox=\\"0 0 1024 1024\\"><path d=\\"M602.512147 511.99738l402.747939-402.747939a63.999673 63.999673 0 0 0-90.509537-90.509537L512.00261 421.487843 109.254671 18.749904a63.999673 63.999673 0 0 0-90.509537 90.509537L421.493073 511.99738 18.755134 914.745319a63.999673 63.999673 0 0 0 90.509537 90.509537L512.00261 602.506917l402.747939 402.747939a63.999673 63.999673 0 0 0 90.509537-90.509537z\\"></path></svg></a><div class=\\"so-card-header so-modal-title\\">Modal Title</div><div class=\\"so-card-body\\">Modal Content</div></div></div>"`;
